GAMS 51.2.0  56392656 Sep 29, 2025          WEX-WEI x86 64bit/MS Windows - 10/24/25 14:43:08 Page 1
SETUP
C o m p i l a t i o n


   2   
      • Objective = CAPEX_lines + CAPEX_storage + VOLL + Generation Rejection Penalty + Generation Cost
      • Power balance: g_it - d_it + Σ_j f_jit  - W_it + L_it - C_it + R_it = 0
      • Box constraints for gen, shedding, curtailment (W ≤ g), storage power, SOC
      • Antisymmetric flows and line capacities: -Fmax*x_ij ≤ f_ij,t ≤ Fmax*x_ij
  11   
  12  *======================
  13  * 1) SETS
  14  *======================
  15  Set n "nodes" / n1*n3 /;
  16  Alias (n,i,j);
  17  Set t "time periods" / t1*t3 /;
  18   
  19  Set und(i,j) "undirected candidate lines (i<j)"
  20  / n1.n2, n1.n3, n2.n3 / ;
  21   
  22  Set a(i,j) "directed arcs";
  23  a(i,j) = yes$(und(i,j) or und(j,i));
  24   
  25  *======================
  26  * 2) PARAMETERS
  27  *======================
  28  Scalar
  29      CL  "Line cost [$ per km]"        / 150000 /
  30      CS  "Storage energy cost [$/MWh]" / 120    /
  31      VOLL "Value of lost load [$/MWh]"  / 100000000000000000  /
  32      PCURT "penalty for generation rejection [$/MWh]" / 5000000000000 /
  33   
  34  Table dist(i,j) "distance [km]"
  35           n1  n2  n3
  36     n1     0  60  90
  37     n2     0   0  50
  38     n3     0   0   0 ;
  39  dist(j,i)$(dist(i,j) and not dist(j,i)) = dist(i,j);
  40   
  41  Parameter Fmax(i,j) "line capacity [MW]";
  42  Fmax(i,j) = 100$und(i,j);
  43  Fmax(j,i)$(und(i,j)) = Fmax(i,j);
  44   
  45  Parameter
  46      d(n,t)    "demand [MW]"
  47      gmax(n,t) "dispatchable generation max [MW]" ;
  48   
  49  Parameter cg(n) "gen marginal cost [$/MWh]";
  50  cg('n1') = 20;  cg('n2') = 60;  cg('n3') = 45; !! node 1 = generator so cheap
  51   
  52  * --- Scenario toggles (0 = off, 1 = on) ---
  53  Scalar ONLY_LINES   / 0 /
  54         ONLY_STORAGE / 1 /;
  55   
  56   
  57  Scalar alpha0 "initial SOC fraction of E(i)" / 0 /;
  58   
  59  * ---- Random data ----
  60  * Node 1 = generator-heavy
  61  * Node 2 = load-heavy
  62  * Node 3 = storage-prone mixed load
  63   
  64  d('n1','t1') = 20; d('n1','t2') = 15; d('n1','t3') = 20;
  65  d('n2','t1') = 60; d('n2','t2') = 70; d('n2','t3') = 80;
  66  d('n3','t1') = 40; d('n3','t2') = 30; d('n3','t3') = 20;
  67   
  68  gmax('n1','t1') = 120; gmax('n1','t2') = 120; gmax('n1','t3') = 120;
  69  gmax('n2','t1') =  10; gmax('n2','t2') =  15; gmax('n2','t3') =  10;
  70  gmax('n3','t1') =  20; gmax('n3','t2') =  20; gmax('n3','t3') =  25;
  71   
  72  *======================
  73  * 3) VARIABLES
  74  *======================
  75  Binary Variable x(i,j) "line built (1=yes)";
  76   
  77  * flows must be free (+30 MW i->j, −30 MW j->i)
  78  Variable
  79      f(i,j,t)  "flow [MW]";
  80   
  81  Positive Variables
  82      g(n,t)    "generation [MW]"
  83      L(n,t)    "load shedding [MW]"
  84      W(n,t)    "generation rejection [MW]"
  85      C(n,t)    "charging [MW]"
  86      R(n,t)    "discharging [MW]"
  87      h(n,t)    "state of charge [MWh]"
  88      E(n)      "storage energy [MWh]" ;
  89   
  90  Variable OF;
  91   
  92  * If ONLY_LINES = 1  → forbid storage everywhere
  93  E.up(i)$(ONLY_LINES=1)     = 0;
  94  C.up(i,t)$(ONLY_LINES=1)   = 0;
  95  R.up(i,t)$(ONLY_LINES=1)   = 0;
  96  h.up(i,t)$(ONLY_LINES=1)   = 0;
  97   
  98  * If ONLY_STORAGE = 1 → no lines and no flows
  99  x.fx(i,j)$(ONLY_STORAGE=1 and a(i,j)) = 0;
 100  f.fx(i,j,t)$(ONLY_STORAGE=1 and a(i,j)) = 0;
 101   
 102  *======================
 103  * 4) EQUATIONS
 104  *======================
 105  Equation
 106      obj !! Objective = CAPEX_lines + CAPEX_storage + VOLL
 107      symm(i,j) !! x(i,j)=x(j,i) (one physical line per corridor)
 108      antisym(i,j,t) !! +30 MW i->j, −30 MW j->i
 109      capPos(i,j,t) !! f ≤ Fmax·x
 110      capNeg(i,j,t) !! −Fmax·x ≤ f
 111      balance(n,t) !! g − d + Σ inflow − W + L − C + R = 0
 112      socDyn1(n)    !! t=1 : h(i,1) = alpha0*E(i) + C(i,1) - R(i,1)
 113      socDynT(n,t)  !! t>1 : h(i,t) = h(i,t-1) + C(i,t) - R(i,t)
 114      socBox(n,t) !! h ≤ E
 115      cRate(n,t) !! C ≤ E
 116      rRate(n,t) !! R ≤ E
 117      gBox(n,t)
 118      LBox(n,t)
 119      WleqG(n,t);
 120   
 121  * min Σ x_ij·CL·d_ij + Σ CS·E_i
 122  * = min line CAPEX + storage CAPEX
 123  * + VOLL [$ / MWh] * L [MW] = $/Δt & Δt=1h currently
 124  * + cost for generation rejection [$/MWh]
 125  * + penalty on generation cost (varies by node [$/MWh])
 126  obj..
 127      OF =e=
 128          sum((i,j)$(ord(i)<ord(j) and und(i,j)), CL*dist(i,j)*x(i,j))
 129        + sum(i, CS*E(i))
 130        + sum((i,t), VOLL*L(i,t))
 131        + sum((i,t), PCURT*W(i,t))
 132        + sum((i,t), cg(i)*g(i,t));
 133   
 134  *symm: building i→j equals building j→i (one physical line).
 135  symm(i,j)$(a(i,j) and ord(i)<ord(j))..  x(i,j) =e= x(j,i);
 136  *antisym: flows are opposite: if +30 MW from i→j, then −30 MW from j→i.
 137  antisym(i,j,t)$(a(i,j) and ord(i)<ord(j))..  f(i,j,t) + f(j,i,t) =e= 0;
 138   
 139  * Line capacity
 140  * −Fmax·x ≤ f ≤ Fmax·x
 141  capPos(i,j,t)$(a(i,j))..  f(i,j,t) =l= Fmax(i,j)*x(i,j);
 142  capNeg(i,j,t)$(a(i,j)).. -f(i,j,t) =l= Fmax(i,j)*x(i,j);
 143   
 144  * Power balance git − dit + Σ flow_in − Wit + Lit − Cit + Rit = 0
 145  * @ node i, time t:
 146  *    g (local gen) minus d (local demand)
 147  *   + sum of f(j→i) (net flow into i)
 148  *   - W (gen rejection: throw away gen)
 149  *   + L (shed: we reduce load)
 150  *   - C (charge storage, consumes power)
 151  *   + R (discharge storage, supplies power)
 152  *    = 0.
 153  balance(i,t)..
 154      g(i,t) - d(i,t) + sum(j$a(j,i), f(j,i,t))
 155    - W(i,t) + L(i,t) - C(i,t) + R(i,t) =e= 0;
 156   
 157  * GENERATION REJECTION: h_it = h_i,t-1 + C_it - R_it
 158  * Initial & dynamic SOC
 159  socDyn1(i)..              h(i,'t1') =e= alpha0*E(i) + C(i,'t1') - R(i,'t1');
 160  socDynT(i,t)$(ord(t)>1).. h(i,t)    =e= h(i,t-1)    + C(i,t)     - R(i,t);
 161   
 162  * SOC & power limits
 163  socBox(i,t)..  h(i,t) =l= E(i);
 164  cRate(i,t)..   C(i,t) =l= E(i); !! Charging capped by E(i)/Δ & Δ=1h
 165  rRate(i,t)..   R(i,t) =l= E(i); !!Discharging capped by E(i)/Δ & Δ=1h
 166   
 167  * Box constraints
 168  gBox(i,t)..    g(i,t) =l= gmax(i,t); !! 0 ≤ g ≤ gmax = Generators can’t exceed their max.
 169  LBox(i,t)..    L(i,t) =l= d(i,t); !! 0 ≤ L ≤ demand = Can’t shed more load than exists.
 170  WleqG(i,t)..   W(i,t) =l= g(i,t); !! 0 ≤ W ≤ g = Can’t reject more generation than you produce.
 171   
 172  *======================
 173  * 5) DOMAINING & BOUNDS
 174  *======================
 175  * For any (i,j) that is not a candidate arc, fix the build variable and flow to 0.
 176  x.fx(i,j)$(not a(i,j)) = 0;
 177  f.fx(i,j,t)$(not a(i,j)) = 0;
 178  * Forbid i=i
 179  x.fx(i,i) = 0;  f.fx(i,i,t) = 0;
 180  * No negative state of charge
 181  h.lo(i,t) = 0;
 182   
 183  *======================
 184  * 6) SOLVE
 185  *======================
 186  Model plan / all /;
 187  option optCR = 0;
 188  solve plan using mip minimizing OF; !! min Σ x_ij·CL·d_ij + Σ CS·E_i = min line CAPEX + storage CAPEX
 189   
 190  *======================
 191  * 7) REPORT
 192  *======================
 193   
 194  *   f(i,j,t)  "flow [MW]"
 195  *   g(n,t)    "generation [MW]"
 196  *   L(n,t)    "load shedding [MW]"
 197  *   W(n,t)    "generation rejection [MW]"
 198  *   C(n,t)    "charging [MW]"
 199  *   R(n,t)    "discharging [MW]"
 200  *   h(n,t)    "state of charge [MWh]"
 201  *   E(n)      "storage energy [MWh]" ;
 202   
 203  * FLOW CHECK
 204  Parameter inflow(i,t) "sum of flows into i", outflow(i,t) "sum of flows out of i";
 205  inflow(i,t)  = sum(j$a(j,i), f.l(j,i,t));
 206  outflow(i,t) = sum(j$a(i,j), f.l(i,j,t));
 207  display inflow, outflow;
 208   
 209  Parameter netflow(i,t) "positive = net interchange";
 210  netflow(i,t) = inflow(i,t);
 211   
 212  Parameter balanceResidual(i,t) "should be 0";
 213  balanceResidual(i,t) = g.l(i,t) - d(i,t) + netflow(i,t)
 214                       - W.l(i,t) + L.l(i,t) - C.l(i,t) + R.l(i,t);
 215  display netflow, balanceResidual;
 216   
 217  display OF.l, x.l, f.l, g.l, L.l, W.l, C.l, R.l, h.l, E.l;
 218   
 219   
 220   


COMPILATION TIME     =        0.000 SECONDS      3 MB  51.2.0 56392656 WEX-WEI
GAMS 51.2.0  56392656 Sep 29, 2025          WEX-WEI x86 64bit/MS Windows - 10/24/25 14:43:08 Page 2
SETUP
Equation Listing    SOLVE plan Using MIP From line 188


---- obj  =E=  

obj..  - 9000000*x(n1,n2) - 13500000*x(n1,n3) - 7500000*x(n2,n3) - 20*g(n1,t1) - 20*g(n1,t2) - 20*g(n1,t3) - 60*g(n2,t1) - 60*g(n2,t2) - 60*g(n2,t3) - 45*g(n3,t1) - 45*g(n3,t2) - 45*g(n3,t3) - 1E17*L(n1,t1) - 1E17*L(n1,t2) - 1E17*L(n1,t3) - 1E17*L(n2,t1) - 1E17*L(n2,t2) - 1E17*L(n2,t3) - 1E17*L(n3,t1) - 1E17*L(n3,t2) - 1E17*L(n3,t3) - 5000000000000*W(n1,t1) - 5000000000000*W(n1,t2) - 5000000000000*W(n1,t3) - 5000000000000*W(n2,t1) - 5000000000000*W(n2,t2) - 5000000000000*W(n2,t3) - 5000000000000*W(n3,t1) - 5000000000000*W(n3,t2) - 5000000000000*W(n3,t3) - 120*E(n1) - 120*E(n2) - 120*E(n3) + OF =E= 0 ; (LHS = 0)
     

---- symm  =E=  

symm(n1,n2)..  x(n1,n2) - x(n2,n1) =E= 0 ; (LHS = 0)
     
symm(n1,n3)..  x(n1,n3) - x(n3,n1) =E= 0 ; (LHS = 0)
     
symm(n2,n3)..  x(n2,n3) - x(n3,n2) =E= 0 ; (LHS = 0)
     

---- antisym  =E=  

antisym(n1,n2,t1)..  f(n1,n2,t1) + f(n2,n1,t1) =E= 0 ; (LHS = 0)
     
antisym(n1,n2,t2)..  f(n1,n2,t2) + f(n2,n1,t2) =E= 0 ; (LHS = 0)
     
antisym(n1,n2,t3)..  f(n1,n2,t3) + f(n2,n1,t3) =E= 0 ; (LHS = 0)
     
REMAINING 6 ENTRIES SKIPPED


---- capPos  =L=  

capPos(n1,n2,t1)..  - 100*x(n1,n2) + f(n1,n2,t1) =L= 0 ; (LHS = 0)
     
capPos(n1,n2,t2)..  - 100*x(n1,n2) + f(n1,n2,t2) =L= 0 ; (LHS = 0)
     
capPos(n1,n2,t3)..  - 100*x(n1,n2) + f(n1,n2,t3) =L= 0 ; (LHS = 0)
     
REMAINING 15 ENTRIES SKIPPED


---- capNeg  =L=  

capNeg(n1,n2,t1)..  - 100*x(n1,n2) - f(n1,n2,t1) =L= 0 ; (LHS = 0)
     
capNeg(n1,n2,t2)..  - 100*x(n1,n2) - f(n1,n2,t2) =L= 0 ; (LHS = 0)
     
capNeg(n1,n2,t3)..  - 100*x(n1,n2) - f(n1,n2,t3) =L= 0 ; (LHS = 0)
     
REMAINING 15 ENTRIES SKIPPED


---- balance  =E=  

balance(n1,t1)..  f(n2,n1,t1) + f(n3,n1,t1) + g(n1,t1) + L(n1,t1) - W(n1,t1) - C(n1,t1) + R(n1,t1) =E= 20 ; (LHS = 0, INFES = 20 ****)
     
balance(n1,t2)..  f(n2,n1,t2) + f(n3,n1,t2) + g(n1,t2) + L(n1,t2) - W(n1,t2) - C(n1,t2) + R(n1,t2) =E= 15 ; (LHS = 0, INFES = 15 ****)
     
balance(n1,t3)..  f(n2,n1,t3) + f(n3,n1,t3) + g(n1,t3) + L(n1,t3) - W(n1,t3) - C(n1,t3) + R(n1,t3) =E= 20 ; (LHS = 0, INFES = 20 ****)
     
REMAINING 6 ENTRIES SKIPPED


---- socDyn1  =E=  

socDyn1(n1)..  - C(n1,t1) + R(n1,t1) + h(n1,t1) =E= 0 ; (LHS = 0)
     
socDyn1(n2)..  - C(n2,t1) + R(n2,t1) + h(n2,t1) =E= 0 ; (LHS = 0)
     
socDyn1(n3)..  - C(n3,t1) + R(n3,t1) + h(n3,t1) =E= 0 ; (LHS = 0)
     

---- socDynT  =E=  

socDynT(n1,t2)..  - C(n1,t2) + R(n1,t2) - h(n1,t1) + h(n1,t2) =E= 0 ; (LHS = 0)
     
socDynT(n1,t3)..  - C(n1,t3) + R(n1,t3) - h(n1,t2) + h(n1,t3) =E= 0 ; (LHS = 0)
     
socDynT(n2,t2)..  - C(n2,t2) + R(n2,t2) - h(n2,t1) + h(n2,t2) =E= 0 ; (LHS = 0)
     
REMAINING 3 ENTRIES SKIPPED


---- socBox  =L=  

socBox(n1,t1)..  h(n1,t1) - E(n1) =L= 0 ; (LHS = 0)
     
socBox(n1,t2)..  h(n1,t2) - E(n1) =L= 0 ; (LHS = 0)
     
socBox(n1,t3)..  h(n1,t3) - E(n1) =L= 0 ; (LHS = 0)
     
REMAINING 6 ENTRIES SKIPPED


---- cRate  =L=  

cRate(n1,t1)..  C(n1,t1) - E(n1) =L= 0 ; (LHS = 0)
     
cRate(n1,t2)..  C(n1,t2) - E(n1) =L= 0 ; (LHS = 0)
     
cRate(n1,t3)..  C(n1,t3) - E(n1) =L= 0 ; (LHS = 0)
     
REMAINING 6 ENTRIES SKIPPED


---- rRate  =L=  

rRate(n1,t1)..  R(n1,t1) - E(n1) =L= 0 ; (LHS = 0)
     
rRate(n1,t2)..  R(n1,t2) - E(n1) =L= 0 ; (LHS = 0)
     
rRate(n1,t3)..  R(n1,t3) - E(n1) =L= 0 ; (LHS = 0)
     
REMAINING 6 ENTRIES SKIPPED


---- gBox  =L=  

gBox(n1,t1)..  g(n1,t1) =L= 120 ; (LHS = 0)
     
gBox(n1,t2)..  g(n1,t2) =L= 120 ; (LHS = 0)
     
gBox(n1,t3)..  g(n1,t3) =L= 120 ; (LHS = 0)
     
REMAINING 6 ENTRIES SKIPPED


---- LBox  =L=  

LBox(n1,t1)..  L(n1,t1) =L= 20 ; (LHS = 0)
     
LBox(n1,t2)..  L(n1,t2) =L= 15 ; (LHS = 0)
     
LBox(n1,t3)..  L(n1,t3) =L= 20 ; (LHS = 0)
     
REMAINING 6 ENTRIES SKIPPED


---- WleqG  =L=  

WleqG(n1,t1)..  - g(n1,t1) + W(n1,t1) =L= 0 ; (LHS = 0)
     
WleqG(n1,t2)..  - g(n1,t2) + W(n1,t2) =L= 0 ; (LHS = 0)
     
WleqG(n1,t3)..  - g(n1,t3) + W(n1,t3) =L= 0 ; (LHS = 0)
     
REMAINING 6 ENTRIES SKIPPED

GAMS 51.2.0  56392656 Sep 29, 2025          WEX-WEI x86 64bit/MS Windows - 10/24/25 14:43:08 Page 3
SETUP
Column Listing      SOLVE plan Using MIP From line 188


---- x  line built (1=yes)

x(n1,n2)
                (.LO, .L, .UP, .M = 0, 0, 0, 0)
  -9.000000E+6  obj
        1       symm(n1,n2)
     -100       capPos(n1,n2,t1)
     -100       capPos(n1,n2,t2)
     -100       capPos(n1,n2,t3)
     -100       capNeg(n1,n2,t1)
     -100       capNeg(n1,n2,t2)
     -100       capNeg(n1,n2,t3)

x(n1,n3)
                (.LO, .L, .UP, .M = 0, 0, 0, 0)
  -1.350000E+7  obj
        1       symm(n1,n3)
     -100       capPos(n1,n3,t1)
     -100       capPos(n1,n3,t2)
     -100       capPos(n1,n3,t3)
     -100       capNeg(n1,n3,t1)
     -100       capNeg(n1,n3,t2)
     -100       capNeg(n1,n3,t3)

x(n2,n1)
                (.LO, .L, .UP, .M = 0, 0, 0, 0)
       -1       symm(n1,n2)
     -100       capPos(n2,n1,t1)
     -100       capPos(n2,n1,t2)
     -100       capPos(n2,n1,t3)
     -100       capNeg(n2,n1,t1)
     -100       capNeg(n2,n1,t2)
     -100       capNeg(n2,n1,t3)

REMAINING 3 ENTRIES SKIPPED

---- f  flow [MW]

f(n1,n2,t1)
                (.LO, .L, .UP, .M = 0, 0, 0, 0)
        1       antisym(n1,n2,t1)
        1       capPos(n1,n2,t1)
       -1       capNeg(n1,n2,t1)
        1       balance(n2,t1)

f(n1,n2,t2)
                (.LO, .L, .UP, .M = 0, 0, 0, 0)
        1       antisym(n1,n2,t2)
        1       capPos(n1,n2,t2)
       -1       capNeg(n1,n2,t2)
        1       balance(n2,t2)

f(n1,n2,t3)
                (.LO, .L, .UP, .M = 0, 0, 0, 0)
        1       antisym(n1,n2,t3)
        1       capPos(n1,n2,t3)
       -1       capNeg(n1,n2,t3)
        1       balance(n2,t3)

REMAINING 15 ENTRIES SKIPPED

---- g  generation [MW]

g(n1,t1)
                (.LO, .L, .UP, .M = 0, 0, +INF, 0)
      -20       obj
        1       balance(n1,t1)
        1       gBox(n1,t1)
       -1       WleqG(n1,t1)

g(n1,t2)
                (.LO, .L, .UP, .M = 0, 0, +INF, 0)
      -20       obj
        1       balance(n1,t2)
        1       gBox(n1,t2)
       -1       WleqG(n1,t2)

g(n1,t3)
                (.LO, .L, .UP, .M = 0, 0, +INF, 0)
      -20       obj
        1       balance(n1,t3)
        1       gBox(n1,t3)
       -1       WleqG(n1,t3)

REMAINING 6 ENTRIES SKIPPED

---- L  load shedding [MW]

L(n1,t1)
                (.LO, .L, .UP, .M = 0, 0, +INF, 0)
  -1.00000E+17  obj
        1       balance(n1,t1)
        1       LBox(n1,t1)

L(n1,t2)
                (.LO, .L, .UP, .M = 0, 0, +INF, 0)
  -1.00000E+17  obj
        1       balance(n1,t2)
        1       LBox(n1,t2)

L(n1,t3)
                (.LO, .L, .UP, .M = 0, 0, +INF, 0)
  -1.00000E+17  obj
        1       balance(n1,t3)
        1       LBox(n1,t3)

REMAINING 6 ENTRIES SKIPPED

---- W  generation rejection [MW]

W(n1,t1)
                (.LO, .L, .UP, .M = 0, 0, +INF, 0)
  -5.00000E+12  obj
       -1       balance(n1,t1)
        1       WleqG(n1,t1)

W(n1,t2)
                (.LO, .L, .UP, .M = 0, 0, +INF, 0)
  -5.00000E+12  obj
       -1       balance(n1,t2)
        1       WleqG(n1,t2)

W(n1,t3)
                (.LO, .L, .UP, .M = 0, 0, +INF, 0)
  -5.00000E+12  obj
       -1       balance(n1,t3)
        1       WleqG(n1,t3)

REMAINING 6 ENTRIES SKIPPED

---- C  charging [MW]

C(n1,t1)
                (.LO, .L, .UP, .M = 0, 0, +INF, 0)
       -1       balance(n1,t1)
       -1       socDyn1(n1)
        1       cRate(n1,t1)

C(n1,t2)
                (.LO, .L, .UP, .M = 0, 0, +INF, 0)
       -1       balance(n1,t2)
       -1       socDynT(n1,t2)
        1       cRate(n1,t2)

C(n1,t3)
                (.LO, .L, .UP, .M = 0, 0, +INF, 0)
       -1       balance(n1,t3)
       -1       socDynT(n1,t3)
        1       cRate(n1,t3)

REMAINING 6 ENTRIES SKIPPED

---- R  discharging [MW]

R(n1,t1)
                (.LO, .L, .UP, .M = 0, 0, +INF, 0)
        1       balance(n1,t1)
        1       socDyn1(n1)
        1       rRate(n1,t1)

R(n1,t2)
                (.LO, .L, .UP, .M = 0, 0, +INF, 0)
        1       balance(n1,t2)
        1       socDynT(n1,t2)
        1       rRate(n1,t2)

R(n1,t3)
                (.LO, .L, .UP, .M = 0, 0, +INF, 0)
        1       balance(n1,t3)
        1       socDynT(n1,t3)
        1       rRate(n1,t3)

REMAINING 6 ENTRIES SKIPPED

---- h  state of charge [MWh]

h(n1,t1)
                (.LO, .L, .UP, .M = 0, 0, +INF, 0)
        1       socDyn1(n1)
       -1       socDynT(n1,t2)
        1       socBox(n1,t1)

h(n1,t2)
                (.LO, .L, .UP, .M = 0, 0, +INF, 0)
        1       socDynT(n1,t2)
       -1       socDynT(n1,t3)
        1       socBox(n1,t2)

h(n1,t3)
                (.LO, .L, .UP, .M = 0, 0, +INF, 0)
        1       socDynT(n1,t3)
        1       socBox(n1,t3)

REMAINING 6 ENTRIES SKIPPED

---- E  storage energy [MWh]

E(n1)
                (.LO, .L, .UP, .M = 0, 0, +INF, 0)
     -120       obj
       -1       socBox(n1,t1)
       -1       socBox(n1,t2)
       -1       socBox(n1,t3)
       -1       cRate(n1,t1)
       -1       cRate(n1,t2)
       -1       cRate(n1,t3)
       -1       rRate(n1,t1)
       -1       rRate(n1,t2)
       -1       rRate(n1,t3)

E(n2)
                (.LO, .L, .UP, .M = 0, 0, +INF, 0)
     -120       obj
       -1       socBox(n2,t1)
       -1       socBox(n2,t2)
       -1       socBox(n2,t3)
       -1       cRate(n2,t1)
       -1       cRate(n2,t2)
       -1       cRate(n2,t3)
       -1       rRate(n2,t1)
       -1       rRate(n2,t2)
       -1       rRate(n2,t3)

E(n3)
                (.LO, .L, .UP, .M = 0, 0, +INF, 0)
     -120       obj
       -1       socBox(n3,t1)
       -1       socBox(n3,t2)
       -1       socBox(n3,t3)
       -1       cRate(n3,t1)
       -1       cRate(n3,t2)
       -1       cRate(n3,t3)
       -1       rRate(n3,t1)
       -1       rRate(n3,t2)
       -1       rRate(n3,t3)


---- OF  

OF
                (.LO, .L, .UP, .M = -INF, 0, +INF, 0)
        1       obj

GAMS 51.2.0  56392656 Sep 29, 2025          WEX-WEI x86 64bit/MS Windows - 10/24/25 14:43:08 Page 4
SETUP
Range Statistics    SOLVE plan Using MIP From line 188


RANGE STATISTICS (ABSOLUTE NON-ZERO FINITE VALUES)

RHS       [min, max] : [ 1.000E+01, 1.200E+02] - Zero values observed as well
Bound     [min, max] : [        NA,        NA] - Zero values observed as well
Matrix    [min, max] : [ 1.000E+00, 1.000E+17]

GAMS 51.2.0  56392656 Sep 29, 2025          WEX-WEI x86 64bit/MS Windows - 10/24/25 14:43:08 Page 5
SETUP
Model Statistics    SOLVE plan Using MIP From line 188


MODEL STATISTICS

BLOCKS OF EQUATIONS          14     SINGLE EQUATIONS          121
BLOCKS OF VARIABLES          10     SINGLE VARIABLES           82
NON ZERO ELEMENTS           316     DISCRETE VARIABLES          6


GENERATION TIME      =        0.000 SECONDS      4 MB  51.2.0 56392656 WEX-WEI
GAMS 51.2.0  56392656 Sep 29, 2025          WEX-WEI x86 64bit/MS Windows - 10/24/25 14:43:08 Page 6
SETUP
Solution Report     SOLVE plan Using MIP From line 188


               S O L V E      S U M M A R Y

     MODEL   plan                OBJECTIVE  OF
     TYPE    MIP                 DIRECTION  MINIMIZE
     SOLVER  CPLEX               FROM LINE  188

**** SOLVER STATUS     1 Normal Completion
**** MODEL STATUS      1 Optimal
**** OBJECTIVE VALUE   20500000000000008200.0000

 RESOURCE USAGE, LIMIT          0.000 10000000000.000
 ITERATION COUNT, LIMIT         0    2147483647
*** This solver runs with a demo license. No commercial use.
--- GMO setup time: 0.00s
--- GMO memory 0.52 Mb (peak 0.52 Mb)
--- Dictionary memory 0.00 Mb
--- Cplex 22.1.2.0 link memory 0.00 Mb (peak 0.01 Mb)
--- Starting Cplex


--- MIP status (101): integer optimal solution.
--- Cplex Time: 0.00sec (det. 2.17 ticks)

--- Returning a primal only solution to GAMS (marginals all set to NA).
--- Fixing integer variables and solving final LP...


--- Fixed MIP status (1): optimal.
--- Cplex Time: 0.00sec (det. 0.19 ticks)


Proven optimal solution
MIP Solution:  20500000000000008192.000000    (0 iterations, 0 nodes)
Final Solve:   20500000000000008192.000000    (20 iterations)

Best possible: 20500000000000008192.000000
Absolute gap:            0.000000
Relative gap:            0.000000


                           LOWER          LEVEL          UPPER         MARGINAL

---- EQU obj                 .              .              .             1.0000      

---- EQU symm  

             LOWER          LEVEL          UPPER         MARGINAL

n1.n2          .              .              .              .          
n1.n3          .              .              .              .          
n2.n3          .              .              .              .          

---- EQU antisym  

                LOWER          LEVEL          UPPER         MARGINAL

n1.n2.t1          .              .              .              .          
n1.n2.t2          .              .              .              .          
n1.n2.t3          .              .              .              .          
n1.n3.t1          .              .              .              .          
n1.n3.t2          .              .              .              .          
n1.n3.t3          .              .              .              .          
n2.n3.t1          .              .              .              .          
n2.n3.t2          .              .              .              .          
n2.n3.t3          .              .              .              .          

---- EQU capPos  

                LOWER          LEVEL          UPPER         MARGINAL

n1.n2.t1        -INF             .              .              .          
n1.n2.t2        -INF             .              .              .          
n1.n2.t3        -INF             .              .              .          
n1.n3.t1        -INF             .              .              .          
n1.n3.t2        -INF             .              .              .          
n1.n3.t3        -INF             .              .              .          
n2.n1.t1        -INF             .              .              .          
n2.n1.t2        -INF             .              .              .          
n2.n1.t3        -INF             .              .              .          
n2.n3.t1        -INF             .              .              .          
n2.n3.t2        -INF             .              .              .          
n2.n3.t3        -INF             .              .              .          
n3.n1.t1        -INF             .              .              .          
n3.n1.t2        -INF             .              .              .          
n3.n1.t3        -INF             .              .              .          
n3.n2.t1        -INF             .              .              .          
n3.n2.t2        -INF             .              .              .          
n3.n2.t3        -INF             .              .              .          

---- EQU capNeg  

                LOWER          LEVEL          UPPER         MARGINAL

n1.n2.t1        -INF             .              .              .          
n1.n2.t2        -INF             .              .              .          
n1.n2.t3        -INF             .              .              .          
n1.n3.t1        -INF             .              .              .          
n1.n3.t2        -INF             .              .              .          
n1.n3.t3        -INF             .              .              .          
n2.n1.t1        -INF             .              .              .          
n2.n1.t2        -INF             .              .              .          
n2.n1.t3        -INF             .              .              .          
n2.n3.t1        -INF             .              .              .          
n2.n3.t2        -INF             .              .              .          
n2.n3.t3        -INF             .              .              .          
n3.n1.t1        -INF             .              .              .          
n3.n1.t2        -INF             .              .              .          
n3.n1.t3        -INF             .              .              .          
n3.n2.t1        -INF             .              .              .          
n3.n2.t2        -INF             .              .              .          
n3.n2.t3        -INF             .              .              .          

---- EQU balance  

             LOWER          LEVEL          UPPER         MARGINAL

n1.t1        20.0000        20.0000        20.0000        20.0000      
n1.t2        15.0000        15.0000        15.0000        20.0000      
n1.t3        20.0000        20.0000        20.0000        20.0000      
n2.t1        60.0000        60.0000        60.0000   1.000000E+17      
n2.t2        70.0000        70.0000        70.0000   1.000000E+17      
n2.t3        80.0000        80.0000        80.0000   1.000000E+17      
n3.t1        40.0000        40.0000        40.0000   1.000000E+17      
n3.t2        30.0000        30.0000        30.0000   1.000000E+17      
n3.t3        20.0000        20.0000        20.0000        45.0000      

---- EQU socDyn1  

          LOWER          LEVEL          UPPER         MARGINAL

n1          .              .              .           -20.0000      
n2          .              .              .       -1.00000E+17      
n3          .              .              .       -1.00000E+17      

---- EQU socDynT  

             LOWER          LEVEL          UPPER         MARGINAL

n1.t2          .              .              .           -20.0000      
n1.t3          .              .              .             EPS         
n2.t2          .              .              .       -1.00000E+17      
n2.t3          .              .              .       -1.00000E+17      
n3.t2          .              .              .       -1.00000E+17      
n3.t3          .              .              .           -45.0000      

---- EQU socBox  

             LOWER          LEVEL          UPPER         MARGINAL

n1.t1        -INF             .              .              .          
n1.t2        -INF             .              .              .          
n1.t3        -INF             .              .              .          
n2.t1        -INF             .              .              .          
n2.t2        -INF             .              .              .          
n2.t3        -INF             .              .              .          
n3.t1        -INF             .              .              .          
n3.t2        -INF             .              .              .          
n3.t3        -INF             .              .              .          

---- EQU cRate  

             LOWER          LEVEL          UPPER         MARGINAL

n1.t1        -INF             .              .              .          
n1.t2        -INF             .              .              .          
n1.t3        -INF             .              .              .          
n2.t1        -INF             .              .              .          
n2.t2        -INF             .              .              .          
n2.t3        -INF             .              .              .          
n3.t1        -INF             .              .              .          
n3.t2        -INF             .              .              .          
n3.t3        -INF             .              .              .          

---- EQU rRate  

             LOWER          LEVEL          UPPER         MARGINAL

n1.t1        -INF             .              .              .          
n1.t2        -INF             .              .              .          
n1.t3        -INF             .              .           -20.0000      
n2.t1        -INF             .              .              .          
n2.t2        -INF             .              .              .          
n2.t3        -INF             .              .          -120.0000      
n3.t1        -INF             .              .              .          
n3.t2        -INF             .              .          -120.0000      
n3.t3        -INF             .              .              .          

---- EQU gBox  

             LOWER          LEVEL          UPPER         MARGINAL

n1.t1        -INF           20.0000       120.0000          .          
n1.t2        -INF           15.0000       120.0000          .          
n1.t3        -INF           20.0000       120.0000          .          
n2.t1        -INF           10.0000        10.0000   -1.00000E+17      
n2.t2        -INF           15.0000        15.0000   -1.00000E+17      
n2.t3        -INF           10.0000        10.0000   -1.00000E+17      
n3.t1        -INF           20.0000        20.0000   -1.00000E+17      
n3.t2        -INF           20.0000        20.0000   -1.00000E+17      
n3.t3        -INF           20.0000        25.0000          .          

---- EQU LBox  

             LOWER          LEVEL          UPPER         MARGINAL

n1.t1        -INF             .            20.0000          .          
n1.t2        -INF             .            15.0000          .          
n1.t3        -INF             .            20.0000          .          
n2.t1        -INF           50.0000        60.0000          .          
n2.t2        -INF           55.0000        70.0000          .          
n2.t3        -INF           70.0000        80.0000          .          
n3.t1        -INF           20.0000        40.0000          .          
n3.t2        -INF           10.0000        30.0000          .          
n3.t3        -INF             .            20.0000          .          

---- EQU WleqG  

             LOWER          LEVEL          UPPER         MARGINAL

n1.t1        -INF          -20.0000          .              .          
n1.t2        -INF          -15.0000          .              .          
n1.t3        -INF          -20.0000          .              .          
n2.t1        -INF          -10.0000          .              .          
n2.t2        -INF          -15.0000          .              .          
n2.t3        -INF          -10.0000          .              .          
n3.t1        -INF          -20.0000          .              .          
n3.t2        -INF          -20.0000          .              .          
n3.t3        -INF          -20.0000          .              .          

---- VAR x  line built (1=yes)

             LOWER          LEVEL          UPPER         MARGINAL

n1.n2          .              .              .       9000000.0000      
n1.n3          .              .              .       1.3500000E+7      
n2.n1          .              .              .             EPS         
n2.n3          .              .              .       7500000.0000      
n3.n1          .              .              .             EPS         
n3.n2          .              .              .             EPS         

---- VAR f  flow [MW]

                LOWER          LEVEL          UPPER         MARGINAL

n1.n2.t1          .              .              .       -1.00000E+17      
n1.n2.t2          .              .              .       -1.00000E+17      
n1.n2.t3          .              .              .       -1.00000E+17      
n1.n3.t1          .              .              .       -1.00000E+17      
n1.n3.t2          .              .              .       -1.00000E+17      
n1.n3.t3          .              .              .           -45.0000      
n2.n1.t1          .              .              .           -20.0000      
n2.n1.t2          .              .              .           -20.0000      
n2.n1.t3          .              .              .           -20.0000      
n2.n3.t1          .              .              .       -1.00000E+17      
n2.n3.t2          .              .              .       -1.00000E+17      
n2.n3.t3          .              .              .           -45.0000      
n3.n1.t1          .              .              .           -20.0000      
n3.n1.t2          .              .              .           -20.0000      
n3.n1.t3          .              .              .           -20.0000      
n3.n2.t1          .              .              .       -1.00000E+17      
n3.n2.t2          .              .              .       -1.00000E+17      
n3.n2.t3          .              .              .       -1.00000E+17      

---- VAR g  generation [MW]

             LOWER          LEVEL          UPPER         MARGINAL

n1.t1          .            20.0000        +INF             .          
n1.t2          .            15.0000        +INF             .          
n1.t3          .            20.0000        +INF             .          
n2.t1          .            10.0000        +INF             .          
n2.t2          .            15.0000        +INF             .          
n2.t3          .            10.0000        +INF             .          
n3.t1          .            20.0000        +INF             .          
n3.t2          .            20.0000        +INF             .          
n3.t3          .            20.0000        +INF             .          

---- VAR L  load shedding [MW]

             LOWER          LEVEL          UPPER         MARGINAL

n1.t1          .              .            +INF      1.000000E+17      
n1.t2          .              .            +INF      1.000000E+17      
n1.t3          .              .            +INF      1.000000E+17      
n2.t1          .            50.0000        +INF             .          
n2.t2          .            55.0000        +INF             .          
n2.t3          .            70.0000        +INF             .          
n3.t1          .            20.0000        +INF             .          
n3.t2          .            10.0000        +INF             .          
n3.t3          .              .            +INF      1.000000E+17      

---- VAR W  generation rejection [MW]

             LOWER          LEVEL          UPPER         MARGINAL

n1.t1          .              .            +INF      5.000000E+12      
n1.t2          .              .            +INF      5.000000E+12      
n1.t3          .              .            +INF      5.000000E+12      
n2.t1          .              .            +INF      1.000050E+17      
n2.t2          .              .            +INF      1.000050E+17      
n2.t3          .              .            +INF      1.000050E+17      
n3.t1          .              .            +INF      1.000050E+17      
n3.t2          .              .            +INF      1.000050E+17      
n3.t3          .              .            +INF      5.000000E+12      

---- VAR C  charging [MW]

             LOWER          LEVEL          UPPER         MARGINAL

n1.t1          .              .            +INF             .          
n1.t2          .              .            +INF             .          
n1.t3          .              .            +INF           20.0000      
n2.t1          .              .            +INF             .          
n2.t2          .              .            +INF            EPS         
n2.t3          .              .            +INF             .          
n3.t1          .              .            +INF             .          
n3.t2          .              .            +INF          128.0000      
n3.t3          .              .            +INF             .          

---- VAR R  discharging [MW]

             LOWER          LEVEL          UPPER         MARGINAL

n1.t1          .              .            +INF            EPS         
n1.t2          .              .            +INF            EPS         
n1.t3          .              .            +INF             .          
n2.t1          .              .            +INF            EPS         
n2.t2          .              .            +INF             .          
n2.t3          .              .            +INF          120.0000      
n3.t1          .              .            +INF            EPS         
n3.t2          .              .            +INF             .          
n3.t3          .              .            +INF            EPS         

---- VAR h  state of charge [MWh]

             LOWER          LEVEL          UPPER         MARGINAL

n1.t1          .              .            +INF            EPS         
n1.t2          .              .            +INF           20.0000      
n1.t3          .              .            +INF             .          
n2.t1          .              .            +INF            EPS         
n2.t2          .              .            +INF            EPS         
n2.t3          .              .            +INF      1.000000E+17      
n3.t1          .              .            +INF          128.0000      
n3.t2          .              .            +INF      1.000000E+17      
n3.t3          .              .            +INF           45.0000      

---- VAR E  storage energy [MWh]

          LOWER          LEVEL          UPPER         MARGINAL

n1          .              .            +INF          100.0000      
n2          .              .            +INF             .          
n3          .              .            +INF             .          

                           LOWER          LEVEL          UPPER         MARGINAL

---- VAR OF                -INF      2.050000E+19        +INF             .          


**** REPORT SUMMARY :        0     NONOPT
                             0 INFEASIBLE
                             0  UNBOUNDED
GAMS 51.2.0  56392656 Sep 29, 2025          WEX-WEI x86 64bit/MS Windows - 10/24/25 14:43:08 Page 7
SETUP
E x e c u t i o n


----    207 PARAMETER inflow  sum of flows into i

                      ( ALL       0.000 )


----    207 PARAMETER outflow  sum of flows out of i

                      ( ALL       0.000 )


----    215 PARAMETER netflow  positive = net interchange

                      ( ALL       0.000 )


----    215 PARAMETER balanceResidual  should be 0

                      ( ALL       0.000 )


----    217 VARIABLE OF.L                  =  2.05000E+19  

----    217 VARIABLE x.L  line built (1=yes)

                      ( ALL       0.000 )


----    217 VARIABLE f.L  flow [MW]

                      ( ALL       0.000 )


----    217 VARIABLE g.L  generation [MW]

            t1          t2          t3

n1      20.000      15.000      20.000
n2      10.000      15.000      10.000
n3      20.000      20.000      20.000


----    217 VARIABLE L.L  load shedding [MW]

            t1          t2          t3

n2      50.000      55.000      70.000
n3      20.000      10.000


----    217 VARIABLE W.L  generation rejection [MW]

                      ( ALL       0.000 )


----    217 VARIABLE C.L  charging [MW]

                      ( ALL       0.000 )


----    217 VARIABLE R.L  discharging [MW]

                      ( ALL       0.000 )


----    217 VARIABLE h.L  state of charge [MWh]

                      ( ALL       0.000 )


----    217 VARIABLE E.L  storage energy [MWh]

                      ( ALL       0.000 )



EXECUTION TIME       =        0.032 SECONDS      4 MB  51.2.0 56392656 WEX-WEI


USER: GAMS Demo, for EULA and demo limitations see   G250826+0003Cc-GEN
      https://www.gams.com/latest/docs/UG%5FLicense.html         DC0000


**** FILE SUMMARY

Input      C:\Users\vanqu\OneDrive\Desktop\Thesis\honours-thesis\basics.gms
Output     C:\Users\vanqu\OneDrive\Desktop\Thesis\honours-thesis\outputs\basics.lst
